Archive member included because of file (symbol)

c:/program files (x86)/atmel/avr studio 5.0/avr toolchain/bin/../lib/gcc/avr/4.5.1/avr5\libgcc.a(_divmodhi4.o)
                              RTC/DS3234.o (__divmodhi4)
c:/program files (x86)/atmel/avr studio 5.0/avr toolchain/bin/../lib/gcc/avr/4.5.1/avr5\libgcc.a(_udivmodsi4.o)
                              Satellite.o (__udivmodsi4)
c:/program files (x86)/atmel/avr studio 5.0/avr toolchain/bin/../lib/gcc/avr/4.5.1/avr5\libgcc.a(_exit.o)
                              c:/program files (x86)/atmel/avr studio 5.0/avr toolchain/bin/../lib/gcc/avr/4.5.1/../../../../avr/lib/avr5/crtm328p.o (exit)
c:/program files (x86)/atmel/avr studio 5.0/avr toolchain/bin/../lib/gcc/avr/4.5.1/avr5\libgcc.a(_copy_data.o)
                              RTC/DS3234.o (__do_copy_data)
c:/program files (x86)/atmel/avr studio 5.0/avr toolchain/bin/../lib/gcc/avr/4.5.1/avr5\libgcc.a(_clear_bss.o)
                              Satellite.o (__do_clear_bss)
c:/program files (x86)/atmel/avr studio 5.0/avr toolchain/bin/../lib/gcc/avr/4.5.1/avr5\libgcc.a(_udivmodhi4.o)
                              c:/program files (x86)/atmel/avr studio 5.0/avr toolchain/bin/../lib/gcc/avr/4.5.1/avr5\libgcc.a(_divmodhi4.o) (__udivmodhi4)
c:/program files (x86)/atmel/avr studio 5.0/avr toolchain/bin/../lib/gcc/avr/4.5.1/../../../../avr/lib/avr5\libc.a(strcat.o)
                              RTC/DS3234.o (strcat)

Allocating common symbols
Common symbol       size              file

buffer              0xc               Satellite.o

Memory Configuration

Name             Origin             Length             Attributes
text             0x00000000         0x00020000         xr
data             0x00800060         0x0000ffa0         rw !x
eeprom           0x00810000         0x00010000         rw !x
fuse             0x00820000         0x00000400         rw !x
lock             0x00830000         0x00000400         rw !x
signature        0x00840000         0x00000400         rw !x
*default*        0x00000000         0xffffffff

Linker script and memory map

Address of section .data set to 0x800100
LOAD c:/program files (x86)/atmel/avr studio 5.0/avr toolchain/bin/../lib/gcc/avr/4.5.1/../../../../avr/lib/avr5/crtm328p.o
LOAD RTC/DS3234.o
LOAD RTC/SPI/spi.o
LOAD Satellite.o
LOAD USART/USART.o
LOAD c:/program files (x86)/atmel/avr studio 5.0/avr toolchain/bin/../lib/gcc/avr/4.5.1/avr5\libgcc.a
LOAD c:/program files (x86)/atmel/avr studio 5.0/avr toolchain/bin/../lib/gcc/avr/4.5.1/../../../../avr/lib/avr5\libc.a
LOAD c:/program files (x86)/atmel/avr studio 5.0/avr toolchain/bin/../lib/gcc/avr/4.5.1/avr5\libgcc.a

.hash
 *(.hash)

.dynsym
 *(.dynsym)

.dynstr
 *(.dynstr)

.gnu.version
 *(.gnu.version)

.gnu.version_d
 *(.gnu.version_d)

.gnu.version_r
 *(.gnu.version_r)

.rel.init
 *(.rel.init)

.rela.init
 *(.rela.init)

.rel.text
 *(.rel.text)
 *(.rel.text.*)
 *(.rel.gnu.linkonce.t*)

.rela.text
 *(.rela.text)
 *(.rela.text.*)
 *(.rela.gnu.linkonce.t*)

.rel.fini
 *(.rel.fini)

.rela.fini
 *(.rela.fini)

.rel.rodata
 *(.rel.rodata)
 *(.rel.rodata.*)
 *(.rel.gnu.linkonce.r*)

.rela.rodata
 *(.rela.rodata)
 *(.rela.rodata.*)
 *(.rela.gnu.linkonce.r*)

.rel.data
 *(.rel.data)
 *(.rel.data.*)
 *(.rel.gnu.linkonce.d*)

.rela.data
 *(.rela.data)
 *(.rela.data.*)
 *(.rela.gnu.linkonce.d*)

.rel.ctors
 *(.rel.ctors)

.rela.ctors
 *(.rela.ctors)

.rel.dtors
 *(.rel.dtors)

.rela.dtors
 *(.rela.dtors)

.rel.got
 *(.rel.got)

.rela.got
 *(.rela.got)

.rel.bss
 *(.rel.bss)

.rela.bss
 *(.rela.bss)

.rel.plt
 *(.rel.plt)

.rela.plt
 *(.rela.plt)

.text           0x00000000      0x724
 *(.vectors)
 .vectors       0x00000000       0x68 c:/program files (x86)/atmel/avr studio 5.0/avr toolchain/bin/../lib/gcc/avr/4.5.1/../../../../avr/lib/avr5/crtm328p.o
                0x00000000                __vectors
 *(.vectors)
 *(.progmem.gcc*)
 *(.progmem*)
                0x00000068                . = ALIGN (0x2)
                0x00000068                __trampolines_start = .
 *(.trampolines)
 .trampolines   0x00000068        0x0 linker stubs
 *(.trampolines*)
                0x00000068                __trampolines_end = .
 *(.jumptables)
 *(.jumptables*)
 *(.lowtext)
 *(.lowtext*)
                0x00000068                __ctors_start = .
 *(.ctors)
                0x00000068                __ctors_end = .
                0x00000068                __dtors_start = .
 *(.dtors)
                0x00000068                __dtors_end = .
 SORT(*)(.ctors)
 SORT(*)(.dtors)
 *(.init0)
 .init0         0x00000068        0x0 c:/program files (x86)/atmel/avr studio 5.0/avr toolchain/bin/../lib/gcc/avr/4.5.1/../../../../avr/lib/avr5/crtm328p.o
                0x00000068                __init
 *(.init0)
 *(.init1)
 *(.init1)
 *(.init2)
 .init2         0x00000068        0xc c:/program files (x86)/atmel/avr studio 5.0/avr toolchain/bin/../lib/gcc/avr/4.5.1/../../../../avr/lib/avr5/crtm328p.o
 *(.init2)
 *(.init3)
 *(.init3)
 *(.init4)
 .init4         0x00000074       0x16 c:/program files (x86)/atmel/avr studio 5.0/avr toolchain/bin/../lib/gcc/avr/4.5.1/avr5\libgcc.a(_copy_data.o)
                0x00000074                __do_copy_data
 .init4         0x0000008a       0x10 c:/program files (x86)/atmel/avr studio 5.0/avr toolchain/bin/../lib/gcc/avr/4.5.1/avr5\libgcc.a(_clear_bss.o)
                0x0000008a                __do_clear_bss
 *(.init4)
 *(.init5)
 *(.init5)
 *(.init6)
 *(.init6)
 *(.init7)
 *(.init7)
 *(.init8)
 *(.init8)
 *(.init9)
 .init9         0x0000009a        0x8 c:/program files (x86)/atmel/avr studio 5.0/avr toolchain/bin/../lib/gcc/avr/4.5.1/../../../../avr/lib/avr5/crtm328p.o
 *(.init9)
 *(.text)
 .text          0x000000a2        0x4 c:/program files (x86)/atmel/avr studio 5.0/avr toolchain/bin/../lib/gcc/avr/4.5.1/../../../../avr/lib/avr5/crtm328p.o
                0x000000a2                __vector_22
                0x000000a2                __vector_24
                0x000000a2                __vector_12
                0x000000a2                __bad_interrupt
                0x000000a2                __vector_6
                0x000000a2                __vector_23
                0x000000a2                __vector_25
                0x000000a2                __vector_13
                0x000000a2                __vector_17
                0x000000a2                __vector_19
                0x000000a2                __vector_7
                0x000000a2                __vector_5
                0x000000a2                __vector_4
                0x000000a2                __vector_9
                0x000000a2                __vector_2
                0x000000a2                __vector_21
                0x000000a2                __vector_15
                0x000000a2                __vector_8
                0x000000a2                __vector_10
                0x000000a2                __vector_16
                0x000000a2                __vector_20
 .text          0x000000a6      0x2da RTC/DS3234.o
                0x000000a6                RTC_init
                0x000000d4                SetTimeDate
                0x000001ba                ReadTimeDate
 .text          0x00000380       0x80 RTC/SPI/spi.o
                0x00000380                setup_spi
                0x000003ea                disable_spi
                0x000003ee                send_spi
                0x000003fa                received_from_spi
 .text          0x00000400      0x204 Satellite.o
                0x00000400                main
                0x00000444                initTimer
                0x00000466                initInterrupts
                0x00000484                getTime
                0x00000486                __vector_18
                0x000004ac                __vector_14
                0x0000051c                __vector_11
                0x000005a6                __vector_3
                0x000005d2                __vector_1
                0x000005f0                __vector_default
 .text          0x00000604       0x74 USART/USART.o
                0x00000604                USART_Init
                0x00000620                USART_Transmit
                0x0000062e                USART_Receive
                0x00000632                print
 .text          0x00000678        0x0 c:/program files (x86)/atmel/avr studio 5.0/avr toolchain/bin/../lib/gcc/avr/4.5.1/avr5\libgcc.a(_divmodhi4.o)
 .text          0x00000678        0x0 c:/program files (x86)/atmel/avr studio 5.0/avr toolchain/bin/../lib/gcc/avr/4.5.1/avr5\libgcc.a(_udivmodsi4.o)
 .text          0x00000678        0x0 c:/program files (x86)/atmel/avr studio 5.0/avr toolchain/bin/../lib/gcc/avr/4.5.1/avr5\libgcc.a(_exit.o)
 .text          0x00000678        0x0 c:/program files (x86)/atmel/avr studio 5.0/avr toolchain/bin/../lib/gcc/avr/4.5.1/avr5\libgcc.a(_copy_data.o)
 .text          0x00000678        0x0 c:/program files (x86)/atmel/avr studio 5.0/avr toolchain/bin/../lib/gcc/avr/4.5.1/avr5\libgcc.a(_clear_bss.o)
 .text          0x00000678        0x0 c:/program files (x86)/atmel/avr studio 5.0/avr toolchain/bin/../lib/gcc/avr/4.5.1/avr5\libgcc.a(_udivmodhi4.o)
 .text          0x00000678        0x0 c:/program files (x86)/atmel/avr studio 5.0/avr toolchain/bin/../lib/gcc/avr/4.5.1/../../../../avr/lib/avr5\libc.a(strcat.o)
                0x00000678                . = ALIGN (0x2)
 *(.text.*)
 .text.libgcc   0x00000678       0x26 c:/program files (x86)/atmel/avr studio 5.0/avr toolchain/bin/../lib/gcc/avr/4.5.1/avr5\libgcc.a(_divmodhi4.o)
                0x00000678                _div
                0x00000678                __divmodhi4
 .text.libgcc   0x0000069e       0x44 c:/program files (x86)/atmel/avr studio 5.0/avr toolchain/bin/../lib/gcc/avr/4.5.1/avr5\libgcc.a(_udivmodsi4.o)
                0x0000069e                __udivmodsi4
 .text.libgcc   0x000006e2        0x0 c:/program files (x86)/atmel/avr studio 5.0/avr toolchain/bin/../lib/gcc/avr/4.5.1/avr5\libgcc.a(_exit.o)
 .text.libgcc   0x000006e2        0x0 c:/program files (x86)/atmel/avr studio 5.0/avr toolchain/bin/../lib/gcc/avr/4.5.1/avr5\libgcc.a(_copy_data.o)
 .text.libgcc   0x000006e2        0x0 c:/program files (x86)/atmel/avr studio 5.0/avr toolchain/bin/../lib/gcc/avr/4.5.1/avr5\libgcc.a(_clear_bss.o)
 .text.libgcc   0x000006e2       0x28 c:/program files (x86)/atmel/avr studio 5.0/avr toolchain/bin/../lib/gcc/avr/4.5.1/avr5\libgcc.a(_udivmodhi4.o)
                0x000006e2                __udivmodhi4
 .text.avr-libc
                0x0000070a       0x16 c:/program files (x86)/atmel/avr studio 5.0/avr toolchain/bin/../lib/gcc/avr/4.5.1/../../../../avr/lib/avr5\libc.a(strcat.o)
                0x0000070a                strcat
                0x00000720                . = ALIGN (0x2)
 *(.fini9)
 .fini9         0x00000720        0x0 c:/program files (x86)/atmel/avr studio 5.0/avr toolchain/bin/../lib/gcc/avr/4.5.1/avr5\libgcc.a(_exit.o)
                0x00000720                _exit
                0x00000720                exit
 *(.fini9)
 *(.fini8)
 *(.fini8)
 *(.fini7)
 *(.fini7)
 *(.fini6)
 *(.fini6)
 *(.fini5)
 *(.fini5)
 *(.fini4)
 *(.fini4)
 *(.fini3)
 *(.fini3)
 *(.fini2)
 *(.fini2)
 *(.fini1)
 *(.fini1)
 *(.fini0)
 .fini0         0x00000720        0x4 c:/program files (x86)/atmel/avr studio 5.0/avr toolchain/bin/../lib/gcc/avr/4.5.1/avr5\libgcc.a(_exit.o)
 *(.fini0)
                0x00000724                _etext = .

.data           0x00800100       0x10 load address 0x00000724
                0x00800100                PROVIDE (__data_start, .)
 *(.data)
 .data          0x00800100        0x0 c:/program files (x86)/atmel/avr studio 5.0/avr toolchain/bin/../lib/gcc/avr/4.5.1/../../../../avr/lib/avr5/crtm328p.o
 .data          0x00800100        0xb RTC/DS3234.o
 .data          0x0080010b        0x0 RTC/SPI/spi.o
 .data          0x0080010b        0x4 Satellite.o
                0x0080010b                active
                0x0080010c                dim
                0x0080010e                zerocross
 .data          0x0080010f        0x0 USART/USART.o
 .data          0x0080010f        0x0 c:/program files (x86)/atmel/avr studio 5.0/avr toolchain/bin/../lib/gcc/avr/4.5.1/avr5\libgcc.a(_divmodhi4.o)
 .data          0x0080010f        0x0 c:/program files (x86)/atmel/avr studio 5.0/avr toolchain/bin/../lib/gcc/avr/4.5.1/avr5\libgcc.a(_udivmodsi4.o)
 .data          0x0080010f        0x0 c:/program files (x86)/atmel/avr studio 5.0/avr toolchain/bin/../lib/gcc/avr/4.5.1/avr5\libgcc.a(_exit.o)
 .data          0x0080010f        0x0 c:/program files (x86)/atmel/avr studio 5.0/avr toolchain/bin/../lib/gcc/avr/4.5.1/avr5\libgcc.a(_copy_data.o)
 .data          0x0080010f        0x0 c:/program files (x86)/atmel/avr studio 5.0/avr toolchain/bin/../lib/gcc/avr/4.5.1/avr5\libgcc.a(_clear_bss.o)
 .data          0x0080010f        0x0 c:/program files (x86)/atmel/avr studio 5.0/avr toolchain/bin/../lib/gcc/avr/4.5.1/avr5\libgcc.a(_udivmodhi4.o)
 .data          0x0080010f        0x0 c:/program files (x86)/atmel/avr studio 5.0/avr toolchain/bin/../lib/gcc/avr/4.5.1/../../../../avr/lib/avr5\libc.a(strcat.o)
 *(.data*)
 *(.rodata)
 *(.rodata*)
 *(.gnu.linkonce.d*)
                0x00800110                . = ALIGN (0x2)
 *fill*         0x0080010f        0x1 00
                0x00800110                _edata = .
                0x00800110                PROVIDE (__data_end, .)

.bss            0x00800110       0x16
                0x00800110                PROVIDE (__bss_start, .)
 *(.bss)
 .bss           0x00800110        0x0 c:/program files (x86)/atmel/avr studio 5.0/avr toolchain/bin/../lib/gcc/avr/4.5.1/../../../../avr/lib/avr5/crtm328p.o
 .bss           0x00800110        0x0 RTC/DS3234.o
 .bss           0x00800110        0x0 RTC/SPI/spi.o
 .bss           0x00800110        0xa Satellite.o
                0x00800110                tInactive
                0x00800111                count
                0x00800113                rxflag
                0x00800114                NumChanges
                0x00800118                Freq
 .bss           0x0080011a        0x0 USART/USART.o
 .bss           0x0080011a        0x0 c:/program files (x86)/atmel/avr studio 5.0/avr toolchain/bin/../lib/gcc/avr/4.5.1/avr5\libgcc.a(_divmodhi4.o)
 .bss           0x0080011a        0x0 c:/program files (x86)/atmel/avr studio 5.0/avr toolchain/bin/../lib/gcc/avr/4.5.1/avr5\libgcc.a(_udivmodsi4.o)
 .bss           0x0080011a        0x0 c:/program files (x86)/atmel/avr studio 5.0/avr toolchain/bin/../lib/gcc/avr/4.5.1/avr5\libgcc.a(_exit.o)
 .bss           0x0080011a        0x0 c:/program files (x86)/atmel/avr studio 5.0/avr toolchain/bin/../lib/gcc/avr/4.5.1/avr5\libgcc.a(_copy_data.o)
 .bss           0x0080011a        0x0 c:/program files (x86)/atmel/avr studio 5.0/avr toolchain/bin/../lib/gcc/avr/4.5.1/avr5\libgcc.a(_clear_bss.o)
 .bss           0x0080011a        0x0 c:/program files (x86)/atmel/avr studio 5.0/avr toolchain/bin/../lib/gcc/avr/4.5.1/avr5\libgcc.a(_udivmodhi4.o)
 .bss           0x0080011a        0x0 c:/program files (x86)/atmel/avr studio 5.0/avr toolchain/bin/../lib/gcc/avr/4.5.1/../../../../avr/lib/avr5\libc.a(strcat.o)
 *(.bss*)
 *(COMMON)
 COMMON         0x0080011a        0xc Satellite.o
                0x0080011a                buffer
                0x00800126                PROVIDE (__bss_end, .)
                0x00000724                __data_load_start = LOADADDR (.data)
                0x00000734                __data_load_end = (__data_load_start + SIZEOF (.data))

.noinit         0x00800126        0x0
                0x00800126                PROVIDE (__noinit_start, .)
 *(.noinit*)
                0x00800126                PROVIDE (__noinit_end, .)
                0x00800126                _end = .
                0x00800126                PROVIDE (__heap_start, .)

.eeprom         0x00810000        0x0
 *(.eeprom*)
                0x00810000                __eeprom_end = .

.fuse
 *(.fuse)
 *(.lfuse)
 *(.hfuse)
 *(.efuse)

.lock
 *(.lock*)

.signature
 *(.signature*)

.stab           0x00000000      0x768
 *(.stab)
 .stab          0x00000000      0x6cc c:/program files (x86)/atmel/avr studio 5.0/avr toolchain/bin/../lib/gcc/avr/4.5.1/../../../../avr/lib/avr5/crtm328p.o
 .stab          0x000006cc       0x9c c:/program files (x86)/atmel/avr studio 5.0/avr toolchain/bin/../lib/gcc/avr/4.5.1/../../../../avr/lib/avr5\libc.a(strcat.o)
                                 0xa8 (size before relaxing)

.stabstr        0x00000000       0xe7
 *(.stabstr)
 .stabstr       0x00000000       0xe7 c:/program files (x86)/atmel/avr studio 5.0/avr toolchain/bin/../lib/gcc/avr/4.5.1/../../../../avr/lib/avr5/crtm328p.o

.stab.excl
 *(.stab.excl)

.stab.exclstr
 *(.stab.exclstr)

.stab.index
 *(.stab.index)

.stab.indexstr
 *(.stab.indexstr)

.comment
 *(.comment)

.debug
 *(.debug)

.line
 *(.line)

.debug_srcinfo
 *(.debug_srcinfo)

.debug_sfnames
 *(.debug_sfnames)

.debug_aranges
 *(.debug_aranges)

.debug_pubnames
 *(.debug_pubnames)

.debug_info
 *(.debug_info)
 *(.gnu.linkonce.wi.*)

.debug_abbrev
 *(.debug_abbrev)

.debug_line
 *(.debug_line)

.debug_frame
 *(.debug_frame)

.debug_str
 *(.debug_str)

.debug_loc
 *(.debug_loc)

.debug_macinfo
 *(.debug_macinfo)
OUTPUT(Satellite.elf elf32-avr)
LOAD linker stubs
